Metro_;G_;K NNNS1-----A---- NNNS4-----A---- NNNS5-----A----	metro NNNS1-----A---- NNNS4-----A---- NNNS5-----A----
jet-1_^(pohybovat_se,_ne_v¹ak_chùzí) VpNS---XR-AA---
odpoledne-1 Db-------------	odpoledne-2 NNNP1-----A---- NNNP4-----A---- NNNP5-----A---- NNNS1-----A---- NNNS2-----A---- NNNS4-----A---- NNNS5-----A----
xxxdfsdfsdf AAXXX----1A---- NNFXX-----A---- NNIS1-----A---- NNIS4-----A---- NNIXX-----A---- NNMS1-----A---- NNMXX-----A---- NNNXX-----A---8 NNXXX-----A---8	xxxdfsdfsdfy NNFP2-----A----	xxxdfsdfsdonfer Vi-S---2--A----
, Z:-------------
ala-1_,t_^(místnost_v_staroøím._obydlí) NNFS3-----A---- NNFS6-----A----	ala-2_,t_^(boèní_loï_v_bazilice) NNFS3-----A---- NNFS6-----A----	ala-3_,t_^(vojenská_jednotka_ve_st._Øímì) NNFS3-----A---- NNFS6-----A----	ale J^-------------
ne TT-------------
v-1 RR--4---------- RR--6----------	v-3_^(oznaèení_pomocí_písmene) NNNXX-----A----
jeden`1 ClFS4----------
. Z:-------------
